[lilpump.fun/index.html]
[backblue.gif]
[fade.gif]
[index.html]
[lilpump.fun/wp-content/plugins/bb-plugin/fonts/fontawesome/5.15.4/webfonts/fa-brands-400.woff2]
[lilpump.fun/comments/feed/index.html]
[lilpump.fun/feed/index.html]
[lilpump.fun/wp-content/plugins/bluehost-wordpress-plugin/vendor/newfold-labs/wp-module-patterns/assets/build/utilitiesa1ec.js]
[lilpump.fun/wp-includes/js/jquery/jquery.minf43b.js]
[lilpump.fun/wp-includes/js/jquery/jquery-migrate.min5589.js]
[lilpump.fun/wp-json/index.html]
[lilpump.fun/wp-json/wp/v2/pages/2.json]
[lilpump.fun/xmlrpc0db0.php]
[lilpump.fun/wp-json/oembed/1.0/embed2fa3.json]
[lilpump.fun/wp-json/oembed/1.0/embed9a2d]
[lilpump.fun/wp-content/uploads/2024/06/cropped-Transparent-logo-32x32.png]
[lilpump.fun/wp-content/uploads/2024/06/cropped-Transparent-logo-192x192.png]
[lilpump.fun/wp-content/uploads/2024/06/cropped-Transparent-logo-180x180.png]
[lilpump.fun/wp-content/uploads/2024/06/LILPUMP-HEADER-FINAL.png]
[lilpump.fun/wp-content/uploads/2024/06/ezgif.com-animated-gif-maker-2.gif]
[lilpump.fun/wp-content/uploads/2024/07/IMG_1137.mp4]
[lilpump.fun/wp-content/uploads/2024/07/IMG_1137230a.mp4]
[lilpump.fun/wp-content/uploads/2024/06/LILPUMP-HEAD-v3.png]
[lilpump.fun/wp-content/uploads/2024/06/LILPUMP-Community-ESKETIT-FINAL.png]
[lilpump.fun/wp-content/uploads/2024/06/dexscreener-button.png]
[lilpump.fun/wp-content/uploads/2024/07/ourbit-button.png]
[lilpump.fun/wp-content/uploads/2024/07/movement-button.png]
[lilpump.fun/wp-content/uploads/2024/06/coinmarketcap-button.png]
[lilpump.fun/wp-content/uploads/2024/06/jupiter-button.png]
[lilpump.fun/wp-content/uploads/2024/06/poloniex-button.png]
[lilpump.fun/wp-content/uploads/2024/06/coingecko-button.png]
[lilpump.fun/wp-content/uploads/2024/07/indoex-button.png]
[lilpump.fun/wp-content/uploads/2024/06/pump-punk.png]
[lilpump.fun/wp-content/plugins/bb-plugin/js/jquery.waypoints.min5894.js]
[lilpump.fun/wp-content/plugins/bb-plugin/js/jquery.fitvids.min62ea.js]
[lilpump.fun/wp-content/uploads/bb-plugin/cache/2-layout6c22.js]
[lilpump.fun/wp-content/plugins/bb-plugin/js/jquery.ba-throttle-debounce.min5894.js]
[lilpump.fun/wp-content/plugins/bb-plugin/js/jquery.magnificpopup.min5894.js]
[lilpump.fun/wp-content/themes/bb-theme/js/theme.mina7fa.js]
[lilpump.fun/wp-includes/js/mediaelement/mediaelement-and-player.min1f61.js]
[lilpump.fun/wp-includes/js/mediaelement/mediaelement-migrate.minb6a4.js]
[lilpump.fun/wp-includes/js/mediaelement/wp-mediaelement.minb6a4.js]
[lilpump.fun/wp-includes/js/mediaelement/renderers/vimeo.min1f61.js]
[lilpump.fun/index.html]
[lilpump.fun/wp-includes/css/dist/block-library/style.minb6a4.css]
[lilpump.fun/wp-content/plugins/bluehost-wordpress-plugin/vendor/newfold-labs/wp-module-patterns/assets/build/utilitiesa1ec.css]
[lilpump.fun/wp-content/plugins/bb-plugin/fonts/fontawesome/5.15.4/webfonts/fa-brands-400.eot]
[lilpump.fun/wp-content/plugins/bb-plugin/fonts/fontawesome/5.15.4/webfonts/fa-brands-400d41d.eot]
[lilpump.fun/wp-content/plugins/bb-plugin/fonts/fontawesome/5.15.4/webfonts/fa-brands-400.woff]
[lilpump.fun/wp-content/plugins/bb-plugin/fonts/fontawesome/5.15.4/webfonts/fa-brands-400.ttf]
[lilpump.fun/wp-content/plugins/bb-plugin/fonts/fontawesome/5.15.4/webfonts/fa-regular-400.eot]
[lilpump.fun/wp-content/plugins/bb-plugin/fonts/fontawesome/5.15.4/webfonts/fa-regular-400d41d.eot]
[lilpump.fun/wp-content/plugins/bb-plugin/fonts/fontawesome/5.15.4/webfonts/fa-regular-400.woff2]
[lilpump.fun/wp-content/plugins/bb-plugin/fonts/fontawesome/5.15.4/webfonts/fa-regular-400.woff]
[lilpump.fun/wp-content/plugins/bb-plugin/fonts/fontawesome/5.15.4/webfonts/fa-regular-400.ttf]
[lilpump.fun/wp-content/plugins/bb-plugin/fonts/fontawesome/5.15.4/webfonts/fa-solid-900.eot]
[lilpump.fun/wp-content/plugins/bb-plugin/fonts/fontawesome/5.15.4/webfonts/fa-solid-900d41d.eot]
[lilpump.fun/wp-content/plugins/bb-plugin/fonts/fontawesome/5.15.4/webfonts/fa-solid-900.woff2]
[lilpump.fun/wp-content/plugins/bb-plugin/fonts/fontawesome/5.15.4/webfonts/fa-solid-900.woff]
[lilpump.fun/wp-content/plugins/bb-plugin/fonts/fontawesome/5.15.4/webfonts/fa-solid-900.ttf]
[lilpump.fun/wp-content/plugins/bb-plugin/fonts/fontawesome/5.15.4/css/all.min5894.css]
[lilpump.fun/wp-content/uploads/2024/06/mobilebackground.png]
[lilpump.fun/wp-content/uploads/bb-plugin/cache/2-layoutdea8.css]
[lilpump.fun/wp-content/plugins/bb-plugin/css/jquery.magnificpopup.min5894.css]
[lilpump.fun/wp-content/themes/bb-theme/css/base.mina7fa.css]
[lilpump.fun/wp-content/uploads/bb-theme/skin-668fffdcba5a4a7fa.css]
[lilpump.fun/wp-includes/js/mediaelement/mediaelementplayer-legacy.min1f61.css]
[lilpump.fun/wp-includes/js/mediaelement/wp-mediaelement.minb6a4.css]
[lilpump.fun/wp-content/plugins/bb-plugin/fonts/fontawesome/5.15.4/webfonts/fa-brands-400.svg]
[lilpump.fun/wp-content/plugins/bb-plugin/fonts/fontawesome/5.15.4/webfonts/fa-regular-400.svg]
[lilpump.fun/wp-content/plugins/bb-plugin/fonts/fontawesome/5.15.4/webfonts/fa-solid-900.svg]
[lilpump.fun/wp-includes/js/mediaelement/mejs-controls.svg]
